../Core/Src/main.c:70:6:DWT_Init	4	static
../Core/Src/main.c:80:6:DWT_Delay	24	static
../Core/Src/main.c:102:5:main	8	static
../Core/Src/main.c:161:6:SystemClock_Config	88	static
../Core/Src/main.c:209:13:MX_ADC1_Init	24	static
../Core/Src/main.c:261:13:MX_I2C3_Init	8	static
../Core/Src/main.c:295:13:MX_TIM2_Init	64	static
../Core/Src/main.c:354:13:MX_USART2_UART_Init	8	static
../Core/Src/main.c:385:13:MX_DMA_Init	16	static
../Core/Src/main.c:403:13:MX_GPIO_Init	48	static
../Core/Src/main.c:443:6:Error_Handler	4	static,ignoring_inline_asm
