22:23:21 **** Incremental Build of configuration Debug for project NeoPixel ****
make -j16 all 
arm-none-eabi-gcc "../Core/Src/WS2812.c" -mcpu=cortex-m4 -std=gnu11 -g3 -DDEBUG -DUSE_HAL_DRIVER -DSTM32F446xx -c -I../Core/Inc -I../Drivers/STM32F4xx_HAL_Driver/Inc -I../Drivers/STM32F4xx_HAL_Driver/Inc/Legacy -I../Drivers/CMSIS/Device/ST/STM32F4xx/Include -I../Drivers/CMSIS/Include -O0 -ffunction-sections -fdata-sections -Wall -fstack-usage -fcyclomatic-complexity -MMD -MP -MF"Core/Src/WS2812.d" -MT"Core/Src/WS2812.o" --specs=nano.specs -mfpu=fpv4-sp-d16 -mfloat-abi=hard -mthumb -o "Core/Src/WS2812.o"
arm-none-eabi-gcc "../Core/Src/main.c" -mcpu=cortex-m4 -std=gnu11 -g3 -DDEBUG -DUSE_HAL_DRIVER -DSTM32F446xx -c -I../Core/Inc -I../Drivers/STM32F4xx_HAL_Driver/Inc -I../Drivers/STM32F4xx_HAL_Driver/Inc/Legacy -I../Drivers/CMSIS/Device/ST/STM32F4xx/Include -I../Drivers/CMSIS/Include -O0 -ffunction-sections -fdata-sections -Wall -fstack-usage -fcyclomatic-complexity -MMD -MP -MF"Core/Src/main.d" -MT"Core/Src/main.o" --specs=nano.specs -mfpu=fpv4-sp-d16 -mfloat-abi=hard -mthumb -o "Core/Src/main.o"
arm-none-eabi-gcc -o "NeoPixel.elf" @"objects.list"   -mcpu=cortex-m4 -T"C:\WorkSpace\IDA\Intro til STM32 barebone\BaseSetting\NeoPixel\STM32F446RETX_FLASH.ld" --specs=nosys.specs -Wl,-Map="NeoPixel.map" -Wl,--gc-sections -static --specs=nano.specs -mfpu=fpv4-sp-d16 -mfloat-abi=hard -mthumb -Wl,--start-group -lc -lm -Wl,--end-group
Finished building target: NeoPixel.elf
 
arm-none-eabi-size  NeoPixel.elf 
arm-none-eabi-objdump -h -S NeoPixel.elf  > "NeoPixel.list"
   text	   data	    bss	    dec	    hex	filename
  17148	     12	   5916	  23076	   5a24	NeoPixel.elf
Finished building: default.size.stdout
 
Finished building: NeoPixel.list
 

22:23:22 Build Finished. 0 errors, 0 warnings. (took 805ms)

